this is a log

